  17:12  error  This assertion is unnecessary since it does not change the type of the expression  @typescript-eslint/no-unnecessary-type-assertion
  0:0  error  Parsing error: /Users/apple/soopa/soopaucp/server/ucp-api/dist/adapters/inbound/http/api-key.guard.d.ts was not found by the project service. Consider either including it in the tsconfig.json or including it in allowDefaultProject
  0:0  error  Parsing error: /Users/apple/soopa/soopaucp/server/ucp-api/dist/adapters/inbound/http/api-key.guard.js was not found by the project service. Consider either including it in the tsconfig.json or including it in allowDefaultProject
  0:0  error  Parsing error: /Users/apple/soopa/soopaucp/server/ucp-api/dist/adapters/inbound/http/api-keys.controller.d.ts was not found by the project service. Consider either including it in the tsconfig.json or including it in allowDefaultProject
  0:0  error  Parsing error: /Users/apple/soopa/soopaucp/server/ucp-api/dist/adapters/inbound/http/api-keys.controller.js was not found by the project service. Consider either including it in the tsconfig.json or including it in allowDefaultProject
  0:0  error  Parsing error: /Users/apple/soopa/soopaucp/server/ucp-api/dist/adapters/inbound/http/tenants.controller.d.ts was not found by the project service. Consider either including it in the tsconfig.json or including it in allowDefaultProject
  0:0  error  Parsing error: /Users/apple/soopa/soopaucp/server/ucp-api/dist/adapters/inbound/http/tenants.controller.js was not found by the project service. Consider either including it in the tsconfig.json or including it in allowDefaultProject
  0:0  error  Parsing error: /Users/apple/soopa/soopaucp/server/ucp-api/dist/adapters/outbound/database/api-key.drizzle.repository.d.ts was not found by the project service. Consider either including it in the tsconfig.json or including it in allowDefaultProject
  0:0  error  Parsing error: /Users/apple/soopa/soopaucp/server/ucp-api/dist/adapters/outbound/database/api-key.drizzle.repository.js was not found by the project service. Consider either including it in the tsconfig.json or including it in allowDefaultProject
  0:0  error  Parsing error: /Users/apple/soopa/soopaucp/server/ucp-api/dist/adapters/outbound/database/outbox.drizzle.repository.d.ts was not found by the project service. Consider either including it in the tsconfig.json or including it in allowDefaultProject
  0:0  error  Parsing error: /Users/apple/soopa/soopaucp/server/ucp-api/dist/adapters/outbound/database/outbox.drizzle.repository.js was not found by the project service. Consider either including it in the tsconfig.json or including it in allowDefaultProject
  0:0  error  Parsing error: /Users/apple/soopa/soopaucp/server/ucp-api/dist/adapters/outbound/database/tenant.drizzle.repository.d.ts was not found by the project service. Consider either including it in the tsconfig.json or including it in allowDefaultProject
  0:0  error  Parsing error: /Users/apple/soopa/soopaucp/server/ucp-api/dist/adapters/outbound/database/tenant.drizzle.repository.js was not found by the project service. Consider either including it in the tsconfig.json or including it in allowDefaultProject
  0:0  error  Parsing error: /Users/apple/soopa/soopaucp/server/ucp-api/dist/adapters/outbound/identity/zitadel.provider.d.ts was not found by the project service. Consider either including it in the tsconfig.json or including it in allowDefaultProject
  0:0  error  Parsing error: /Users/apple/soopa/soopaucp/server/ucp-api/dist/adapters/outbound/identity/zitadel.provider.js was not found by the project service. Consider either including it in the tsconfig.json or including it in allowDefaultProject
  0:0  error  Parsing error: /Users/apple/soopa/soopaucp/server/ucp-api/dist/adapters/outbound/messaging/sqs.message.bus.d.ts was not found by the project service. Consider either including it in the tsconfig.json or including it in allowDefaultProject
  0:0  error  Parsing error: /Users/apple/soopa/soopaucp/server/ucp-api/dist/adapters/outbound/messaging/sqs.message.bus.js was not found by the project service. Consider either including it in the tsconfig.json or including it in allowDefaultProject
  0:0  error  Parsing error: /Users/apple/soopa/soopaucp/server/ucp-api/dist/app.controller.d.ts was not found by the project service. Consider either including it in the tsconfig.json or including it in allowDefaultProject
  0:0  error  Parsing error: /Users/apple/soopa/soopaucp/server/ucp-api/dist/app.controller.js was not found by the project service. Consider either including it in the tsconfig.json or including it in allowDefaultProject
  0:0  error  Parsing error: /Users/apple/soopa/soopaucp/server/ucp-api/dist/app.module.d.ts was not found by the project service. Consider either including it in the tsconfig.json or including it in allowDefaultProject
  0:0  error  Parsing error: /Users/apple/soopa/soopaucp/server/ucp-api/dist/app.module.js was not found by the project service. Consider either including it in the tsconfig.json or including it in allowDefaultProject
  0:0  error  Parsing error: /Users/apple/soopa/soopaucp/server/ucp-api/dist/app.service.d.ts was not found by the project service. Consider either including it in the tsconfig.json or including it in allowDefaultProject
  0:0  error  Parsing error: /Users/apple/soopa/soopaucp/server/ucp-api/dist/app.service.js was not found by the project service. Consider either including it in the tsconfig.json or including it in allowDefaultProject
  0:0  error  Parsing error: /Users/apple/soopa/soopaucp/server/ucp-api/dist/application/services/outbox-sweeper.service.d.ts was not found by the project service. Consider either including it in the tsconfig.json or including it in allowDefaultProject
  0:0  error  Parsing error: /Users/apple/soopa/soopaucp/server/ucp-api/dist/application/services/outbox-sweeper.service.js was not found by the project service. Consider either including it in the tsconfig.json or including it in allowDefaultProject
  0:0  error  Parsing error: /Users/apple/soopa/soopaucp/server/ucp-api/dist/application/use-cases/generate-api-key.use-case.d.ts was not found by the project service. Consider either including it in the tsconfig.json or including it in allowDefaultProject
  0:0  error  Parsing error: /Users/apple/soopa/soopaucp/server/ucp-api/dist/application/use-cases/generate-api-key.use-case.js was not found by the project service. Consider either including it in the tsconfig.json or including it in allowDefaultProject
  0:0  error  Parsing error: /Users/apple/soopa/soopaucp/server/ucp-api/dist/application/use-cases/provision-tenant.use-case.d.ts was not found by the project service. Consider either including it in the tsconfig.json or including it in allowDefaultProject
  0:0  error  Parsing error: /Users/apple/soopa/soopaucp/server/ucp-api/dist/application/use-cases/provision-tenant.use-case.js was not found by the project service. Consider either including it in the tsconfig.json or including it in allowDefaultProject
  0:0  error  Parsing error: /Users/apple/soopa/soopaucp/server/ucp-api/dist/domain/events/domain.event.d.ts was not found by the project service. Consider either including it in the tsconfig.json or including it in allowDefaultProject
  0:0  error  Parsing error: /Users/apple/soopa/soopaucp/server/ucp-api/dist/domain/events/domain.event.js was not found by the project service. Consider either including it in the tsconfig.json or including it in allowDefaultProject
  0:0  error  Parsing error: /Users/apple/soopa/soopaucp/server/ucp-api/dist/domain/events/tenant-provisioned.event.d.ts was not found by the project service. Consider either including it in the tsconfig.json or including it in allowDefaultProject
  0:0  error  Parsing error: /Users/apple/soopa/soopaucp/server/ucp-api/dist/domain/events/tenant-provisioned.event.js was not found by the project service. Consider either including it in the tsconfig.json or including it in allowDefaultProject
  0:0  error  Parsing error: /Users/apple/soopa/soopaucp/server/ucp-api/dist/domain/models/aggregate-root.d.ts was not found by the project service. Consider either including it in the tsconfig.json or including it in allowDefaultProject
  0:0  error  Parsing error: /Users/apple/soopa/soopaucp/server/ucp-api/dist/domain/models/aggregate-root.js was not found by the project service. Consider either including it in the tsconfig.json or including it in allowDefaultProject
  0:0  error  Parsing error: /Users/apple/soopa/soopaucp/server/ucp-api/dist/domain/models/api-key.model.d.ts was not found by the project service. Consider either including it in the tsconfig.json or including it in allowDefaultProject
  0:0  error  Parsing error: /Users/apple/soopa/soopaucp/server/ucp-api/dist/domain/models/api-key.model.js was not found by the project service. Consider either including it in the tsconfig.json or including it in allowDefaultProject
  0:0  error  Parsing error: /Users/apple/soopa/soopaucp/server/ucp-api/dist/domain/models/tenant.model.d.ts was not found by the project service. Consider either including it in the tsconfig.json or including it in allowDefaultProject
  0:0  error  Parsing error: /Users/apple/soopa/soopaucp/server/ucp-api/dist/domain/models/tenant.model.js was not found by the project service. Consider either including it in the tsconfig.json or including it in allowDefaultProject
  0:0  error  Parsing error: /Users/apple/soopa/soopaucp/server/ucp-api/dist/infrastructure/database.module.d.ts was not found by the project service. Consider either including it in the tsconfig.json or including it in allowDefaultProject
  0:0  error  Parsing error: /Users/apple/soopa/soopaucp/server/ucp-api/dist/infrastructure/database.module.js was not found by the project service. Consider either including it in the tsconfig.json or including it in allowDefaultProject
  0:0  error  Parsing error: /Users/apple/soopa/soopaucp/server/ucp-api/dist/main.d.ts was not found by the project service. Consider either including it in the tsconfig.json or including it in allowDefaultProject
  0:0  error  Parsing error: /Users/apple/soopa/soopaucp/server/ucp-api/dist/main.js was not found by the project service. Consider either including it in the tsconfig.json or including it in allowDefaultProject
  0:0  error  Parsing error: /Users/apple/soopa/soopaucp/server/ucp-api/dist/ports/outbound/api-key.repository.d.ts was not found by the project service. Consider either including it in the tsconfig.json or including it in allowDefaultProject
  0:0  error  Parsing error: /Users/apple/soopa/soopaucp/server/ucp-api/dist/ports/outbound/api-key.repository.js was not found by the project service. Consider either including it in the tsconfig.json or including it in allowDefaultProject
  0:0  error  Parsing error: /Users/apple/soopa/soopaucp/server/ucp-api/dist/ports/outbound/identity.provider.d.ts was not found by the project service. Consider either including it in the tsconfig.json or including it in allowDefaultProject
  0:0  error  Parsing error: /Users/apple/soopa/soopaucp/server/ucp-api/dist/ports/outbound/identity.provider.js was not found by the project service. Consider either including it in the tsconfig.json or including it in allowDefaultProject
  0:0  error  Parsing error: /Users/apple/soopa/soopaucp/server/ucp-api/dist/ports/outbound/message.bus.d.ts was not found by the project service. Consider either including it in the tsconfig.json or including it in allowDefaultProject
  0:0  error  Parsing error: /Users/apple/soopa/soopaucp/server/ucp-api/dist/ports/outbound/message.bus.js was not found by the project service. Consider either including it in the tsconfig.json or including it in allowDefaultProject
  0:0  error  Parsing error: /Users/apple/soopa/soopaucp/server/ucp-api/dist/ports/outbound/outbox.repository.d.ts was not found by the project service. Consider either including it in the tsconfig.json or including it in allowDefaultProject
  0:0  error  Parsing error: /Users/apple/soopa/soopaucp/server/ucp-api/dist/ports/outbound/outbox.repository.js was not found by the project service. Consider either including it in the tsconfig.json or including it in allowDefaultProject
  0:0  error  Parsing error: /Users/apple/soopa/soopaucp/server/ucp-api/dist/ports/outbound/tenant.repository.d.ts was not found by the project service. Consider either including it in the tsconfig.json or including it in allowDefaultProject
  0:0  error  Parsing error: /Users/apple/soopa/soopaucp/server/ucp-api/dist/ports/outbound/tenant.repository.js was not found by the project service. Consider either including it in the tsconfig.json or including it in allowDefaultProject
  19:11  error    Unsafe assignment of an `any` value                                     @typescript-eslint/no-unsafe-assignment
  20:11  error    Unsafe assignment of an `any` value                                     @typescript-eslint/no-unsafe-assignment
  20:32  error    Unsafe member access .headers on an `any` value                         @typescript-eslint/no-unsafe-member-access
  22:25  error    Unsafe call of an `any` typed value                                     @typescript-eslint/no-unsafe-call
  22:36  error    Unsafe member access .startsWith on an `any` value                      @typescript-eslint/no-unsafe-member-access
  28:11  error    Unsafe assignment of an `any` value                                     @typescript-eslint/no-unsafe-assignment
  28:23  error    Unsafe call of an `any` typed value                                     @typescript-eslint/no-unsafe-call
  28:34  error    Unsafe member access .substring on an `any` value                       @typescript-eslint/no-unsafe-member-access
  37:13  error    Unsafe member access .apiKey on an `any` value                          @typescript-eslint/no-unsafe-member-access
  1:34  error  'Get' is defined but never used    @typescript-eslint/no-unused-vars
  1:39  error  'Param' is defined but never used  @typescript-eslint/no-unused-vars
  17:7   error    This assertion is unnecessary since it does not change the type of the expression                                                                                                                                                                                                                                                           @typescript-eslint/no-unnecessary-type-assertion
  23:11  error    Unsafe assignment of an `any` value                                                                                                                                                                                                                                                                                                         @typescript-eslint/no-unsafe-assignment
  23:25  error    Unsafe call of an `any` typed value                                                                                                                                                                                                                                                                                                         @typescript-eslint/no-unsafe-call
  23:25  error    Unsafe call of an `any` typed value                                                                                                                                                                                                                                                                                                         @typescript-eslint/no-unsafe-call
  23:25  error    Unsafe call of an `any` typed value                                                                                                                                                                                                                                                                                                         @typescript-eslint/no-unsafe-call
  24:8   error    Unsafe member access .select on an `any` value                                                                                                                                                                                                                                                                                              @typescript-eslint/no-unsafe-member-access
  25:8   error    Unsafe member access .from on an `any` value                                                                                                                                                                                                                                                                                                @typescript-eslint/no-unsafe-member-access
  26:8   error    Unsafe member access .where on an `any` value                                                                                                                                                                                                                                                                                               @typescript-eslint/no-unsafe-member-access
  31:11  error    Unsafe assignment of an `any` value                                                                                                                                                                                                                                                                                                         @typescript-eslint/no-unsafe-assignment
  31:24  error    Unsafe call of an `any` typed value                                                                                                                                                                                                                                                                                                         @typescript-eslint/no-unsafe-call
  31:24  error    Unsafe call of an `any` typed value                                                                                                                                                                                                                                                                                                         @typescript-eslint/no-unsafe-call
  31:24  error    Unsafe call of an `any` typed value                                                                                                                                                                                                                                                                                                         @typescript-eslint/no-unsafe-call
  32:8   error    Unsafe member access .select on an `any` value                                                                                                                                                                                                                                                                                              @typescript-eslint/no-unsafe-member-access
  33:8   error    Unsafe member access .from on an `any` value                                                                                                                                                                                                                                                                                                @typescript-eslint/no-unsafe-member-access
  34:8   error    Unsafe member access .where on an `any` value                                                                                                                                                                                                                                                                                               @typescript-eslint/no-unsafe-member-access
  35:5   error    Unsafe return of a value of type `any`                                                                                                                                                                                                                                                                                                      @typescript-eslint/no-unsafe-return
  35:12  error    Unsafe call of an `any` typed value                                                                                                                                                                                                                                                                                                         @typescript-eslint/no-unsafe-call
  35:17  error    Unsafe member access .map on an `any` value                                                                                                                                                                                                                                                                                                 @typescript-eslint/no-unsafe-member-access
  35:21  error    A method that is not declared with `this: void` may cause unintentional scoping of `this` when separated from its object.
  39:11  error    Unsafe assignment of an `any` value                                                                                                                                                                                                                                                                                                         @typescript-eslint/no-unsafe-assignment
  39:25  error    Unsafe call of an `any` typed value                                                                                                                                                                                                                                                                                                         @typescript-eslint/no-unsafe-call
  39:25  error    Unsafe call of an `any` typed value                                                                                                                                                                                                                                                                                                         @typescript-eslint/no-unsafe-call
  39:25  error    Unsafe call of an `any` typed value                                                                                                                                                                                                                                                                                                         @typescript-eslint/no-unsafe-call
  40:8   error    Unsafe member access .insert on an `any` value                                                                                                                                                                                                                                                                                              @typescript-eslint/no-unsafe-member-access
  41:8   error    Unsafe member access .values on an `any` value                                                                                                                                                                                                                                                                                              @typescript-eslint/no-unsafe-member-access
  49:8   error    Unsafe member access .returning on an `any` value                                                                                                                                                                                                                                                                                           @typescript-eslint/no-unsafe-member-access
  54:11  error    Unsafe call of an `any` typed value                                                                                                                                                                                                                                                                                                         @typescript-eslint/no-unsafe-call
  54:11  error    Unsafe call of an `any` typed value                                                                                                                                                                                                                                                                                                         @typescript-eslint/no-unsafe-call
  54:19  error    Unsafe member access .delete on an `any` value                                                                                                                                                                                                                                                                                              @typescript-eslint/no-unsafe-member-access
  54:35  error    Unsafe member access .where on an `any` value                                                                                                                                                                                                                                                                                               @typescript-eslint/no-unsafe-member-access
  14:11  error  Unsafe assignment of an `any` value                     @typescript-eslint/no-unsafe-assignment
  14:24  error  Unsafe call of an `any` typed value                     @typescript-eslint/no-unsafe-call
  14:24  error  Unsafe call of an `any` typed value                     @typescript-eslint/no-unsafe-call
  14:24  error  Unsafe call of an `any` typed value                     @typescript-eslint/no-unsafe-call
  14:24  error  Unsafe call of an `any` typed value                     @typescript-eslint/no-unsafe-call
  15:8   error  Unsafe member access .select on an `any` value          @typescript-eslint/no-unsafe-member-access
  16:8   error  Unsafe member access .from on an `any` value            @typescript-eslint/no-unsafe-member-access
  17:8   error  Unsafe member access .where on an `any` value           @typescript-eslint/no-unsafe-member-access
  18:8   error  Unsafe member access .limit on an `any` value           @typescript-eslint/no-unsafe-member-access
  20:5   error  Unsafe return of a value of type `any`                  @typescript-eslint/no-unsafe-return
  20:12  error  Unsafe call of an `any` typed value                     @typescript-eslint/no-unsafe-call
  20:17  error  Unsafe member access .map on an `any` value             @typescript-eslint/no-unsafe-member-access
  21:7   error  Unsafe assignment of an `any` value                     @typescript-eslint/no-unsafe-assignment
  21:15  error  Unsafe member access .id on an `any` value              @typescript-eslint/no-unsafe-member-access
  22:7   error  Unsafe assignment of an `any` value                     @typescript-eslint/no-unsafe-assignment
  22:27  error  Unsafe member access .idempotencyKey on an `any` value  @typescript-eslint/no-unsafe-member-access
  23:7   error  Unsafe assignment of an `any` value                     @typescript-eslint/no-unsafe-assignment
  23:21  error  Unsafe member access .tenantId on an `any` value        @typescript-eslint/no-unsafe-member-access
  24:7   error  Unsafe assignment of an `any` value                     @typescript-eslint/no-unsafe-assignment
  24:22  error  Unsafe member access .eventType on an `any` value       @typescript-eslint/no-unsafe-member-access
  25:7   error  Unsafe assignment of an `any` value                     @typescript-eslint/no-unsafe-assignment
  25:20  error  Unsafe member access .payload on an `any` value         @typescript-eslint/no-unsafe-member-access
  26:7   error  Unsafe assignment of an `any` value                     @typescript-eslint/no-unsafe-assignment
  26:19  error  Unsafe member access .status on an `any` value          @typescript-eslint/no-unsafe-member-access
  27:7   error  Unsafe assignment of an `any` value                     @typescript-eslint/no-unsafe-assignment
  27:22  error  Unsafe member access .createdAt on an `any` value       @typescript-eslint/no-unsafe-member-access
  28:7   error  Unsafe assignment of an `any` value                     @typescript-eslint/no-unsafe-assignment
  28:22  error  Unsafe member access .updatedAt on an `any` value       @typescript-eslint/no-unsafe-member-access
  33:11  error  Unsafe call of an `any` typed value                     @typescript-eslint/no-unsafe-call
  33:11  error  Unsafe call of an `any` typed value                     @typescript-eslint/no-unsafe-call
  33:11  error  Unsafe call of an `any` typed value                     @typescript-eslint/no-unsafe-call
  34:8   error  Unsafe member access .update on an `any` value          @typescript-eslint/no-unsafe-member-access
  35:8   error  Unsafe member access .set on an `any` value             @typescript-eslint/no-unsafe-member-access
  36:8   error  Unsafe member access .where on an `any` value           @typescript-eslint/no-unsafe-member-access
  39:34  error  'error' is defined but never used                       @typescript-eslint/no-unused-vars
  40:11  error  Unsafe call of an `any` typed value                     @typescript-eslint/no-unsafe-call
  40:11  error  Unsafe call of an `any` typed value                     @typescript-eslint/no-unsafe-call
  40:11  error  Unsafe call of an `any` typed value                     @typescript-eslint/no-unsafe-call
  41:8   error  Unsafe member access .update on an `any` value          @typescript-eslint/no-unsafe-member-access
  42:8   error  Unsafe member access .set on an `any` value             @typescript-eslint/no-unsafe-member-access
  43:8   error  Unsafe member access .where on an `any` value           @typescript-eslint/no-unsafe-member-access
  34:11  error    Unsafe assignment of an `any` value                                                                                                                                                                                                                                                                                                         @typescript-eslint/no-unsafe-assignment
  34:25  error    Unsafe call of an `any` typed value                                                                                                                                                                                                                                                                                                         @typescript-eslint/no-unsafe-call
  34:25  error    Unsafe call of an `any` typed value                                                                                                                                                                                                                                                                                                         @typescript-eslint/no-unsafe-call
  34:25  error    Unsafe call of an `any` typed value                                                                                                                                                                                                                                                                                                         @typescript-eslint/no-unsafe-call
  35:8   error    Unsafe member access .select on an `any` value                                                                                                                                                                                                                                                                                              @typescript-eslint/no-unsafe-member-access
  36:8   error    Unsafe member access .from on an `any` value                                                                                                                                                                                                                                                                                                @typescript-eslint/no-unsafe-member-access
  37:8   error    Unsafe member access .where on an `any` value                                                                                                                                                                                                                                                                                               @typescript-eslint/no-unsafe-member-access
  42:11  error    Unsafe assignment of an `any` value                                                                                                                                                                                                                                                                                                         @typescript-eslint/no-unsafe-assignment
  42:24  error    Unsafe call of an `any` typed value                                                                                                                                                                                                                                                                                                         @typescript-eslint/no-unsafe-call
  42:24  error    Unsafe call of an `any` typed value                                                                                                                                                                                                                                                                                                         @typescript-eslint/no-unsafe-call
  42:32  error    Unsafe member access .select on an `any` value                                                                                                                                                                                                                                                                                              @typescript-eslint/no-unsafe-member-access
  42:41  error    Unsafe member access .from on an `any` value                                                                                                                                                                                                                                                                                                @typescript-eslint/no-unsafe-member-access
  43:5   error    Unsafe return of a value of type `any`                                                                                                                                                                                                                                                                                                      @typescript-eslint/no-unsafe-return
  43:12  error    Unsafe call of an `any` typed value                                                                                                                                                                                                                                                                                                         @typescript-eslint/no-unsafe-call
  43:17  error    Unsafe member access .map on an `any` value                                                                                                                                                                                                                                                                                                 @typescript-eslint/no-unsafe-member-access
  43:21  error    A method that is not declared with `this: void` may cause unintentional scoping of `this` when separated from its object.
  47:5   error    Unsafe return of a value of type `any`                                                                                                                                                                                                                                                                                                      @typescript-eslint/no-unsafe-return
  47:18  error    Unsafe call of an `any` typed value                                                                                                                                                                                                                                                                                                         @typescript-eslint/no-unsafe-call
  47:26  error    Unsafe member access .transaction on an `any` value                                                                                                                                                                                                                                                                                         @typescript-eslint/no-unsafe-member-access
  49:13  error    Unsafe assignment of an `any` value                                                                                                                                                                                                                                                                                                         @typescript-eslint/no-unsafe-assignment
  49:27  error    Unsafe call of an `any` typed value                                                                                                                                                                                                                                                                                                         @typescript-eslint/no-unsafe-call
  49:27  error    Unsafe call of an `any` typed value                                                                                                                                                                                                                                                                                                         @typescript-eslint/no-unsafe-call
  49:27  error    Unsafe call of an `any` typed value                                                                                                                                                                                                                                                                                                         @typescript-eslint/no-unsafe-call
  49:27  error    Unsafe call of an `any` typed value                                                                                                                                                                                                                                                                                                         @typescript-eslint/no-unsafe-call
  50:10  error    Unsafe member access .insert on an `any` value                                                                                                                                                                                                                                                                                              @typescript-eslint/no-unsafe-member-access
  51:10  error    Unsafe member access .values on an `any` value                                                                                                                                                                                                                                                                                              @typescript-eslint/no-unsafe-member-access
  58:10  error    Unsafe member access .onConflictDoUpdate on an `any` value                                                                                                                                                                                                                                                                                  @typescript-eslint/no-unsafe-member-access
  66:10  error    Unsafe member access .returning on an `any` value                                                                                                                                                                                                                                                                                           @typescript-eslint/no-unsafe-member-access
  70:15  error    Unsafe assignment of an `any` value                                                                                                                                                                                                                                                                                                         @typescript-eslint/no-unsafe-assignment
  70:30  error    Unsafe call of an `any` typed value                                                                                                                                                                                                                                                                                                         @typescript-eslint/no-unsafe-call
  70:30  error    Unsafe call of an `any` typed value                                                                                                                                                                                                                                                                                                         @typescript-eslint/no-unsafe-call
  70:30  error    Unsafe call of an `any` typed value                                                                                                                                                                                                                                                                                                         @typescript-eslint/no-unsafe-call
  71:12  error    Unsafe member access .select on an `any` value                                                                                                                                                                                                                                                                                              @typescript-eslint/no-unsafe-member-access
  72:12  error    Unsafe member access .from on an `any` value                                                                                                                                                                                                                                                                                                @typescript-eslint/no-unsafe-member-access
  73:12  error    Unsafe member access .where on an `any` value                                                                                                                                                                                                                                                                                               @typescript-eslint/no-unsafe-member-access
  74:20  error    Unsafe member access .length on an `any` value                                                                                                                                                                                                                                                                                              @typescript-eslint/no-unsafe-member-access
  75:17  error    Unsafe assignment of an `any` value                                                                                                                                                                                                                                                                                                         @typescript-eslint/no-unsafe-assignment
  75:24  error    Unsafe call of an `any` typed value                                                                                                                                                                                                                                                                                                         @typescript-eslint/no-unsafe-call
  75:31  error    Unsafe member access .map on an `any` value                                                                                                                                                                                                                                                                                                 @typescript-eslint/no-unsafe-member-access
  77:13  error    Unsafe assignment of an `any` value                                                                                                                                                                                                                                                                                                         @typescript-eslint/no-unsafe-assignment
  77:24  error    Unsafe member access .id on an `any` value                                                                                                                                                                                                                                                                                                  @typescript-eslint/no-unsafe-member-access
  80:17  error    Unsafe call of an `any` typed value                                                                                                                                                                                                                                                                                                         @typescript-eslint/no-unsafe-call
  80:17  error    Unsafe call of an `any` typed value                                                                                                                                                                                                                                                                                                         @typescript-eslint/no-unsafe-call
  80:17  error    Unsafe call of an `any` typed value                                                                                                                                                                                                                                                                                                         @typescript-eslint/no-unsafe-call
  81:14  error    Unsafe member access .insert on an `any` value                                                                                                                                                                                                                                                                                              @typescript-eslint/no-unsafe-member-access
  82:14  error    Unsafe member access .values on an `any` value                                                                                                                                                                                                                                                                                              @typescript-eslint/no-unsafe-member-access
  83:14  error    Unsafe member access .onConflictDoNothing on an `any` value                                                                                                                                                                                                                                                                                 @typescript-eslint/no-unsafe-member-access
  89:15  error    Unsafe call of an `any` typed value                                                                                                                                                                                                                                                                                                         @typescript-eslint/no-unsafe-call
  89:15  error    Unsafe call of an `any` typed value                                                                                                                                                                                                                                                                                                         @typescript-eslint/no-unsafe-call
  89:18  error    Unsafe member access .insert on an `any` value                                                                                                                                                                                                                                                                                              @typescript-eslint/no-unsafe-member-access
  89:45  error    Unsafe member access .values on an `any` value                                                                                                                                                                                                                                                                                              @typescript-eslint/no-unsafe-member-access
  9:3  error  Async method 'createOrganization' has no 'await' expression  @typescript-eslint/require-await
  57:18  error    Unsafe member access .message on an `any` value                                     @typescript-eslint/no-unsafe-member-access
  40:13  error  Async method 'fetchPendingEvents' has no 'await' expression                        @typescript-eslint/require-await
  40:44  error  Insert `⏎·············`                                                            prettier/prettier
  41:13  error  Async method 'markAsProcessed' has no 'await' expression                           @typescript-eslint/require-await
  51:21  error  This assertion is unnecessary since it does not change the type of the expression  @typescript-eslint/no-unnecessary-type-assertion
  52:13  error  Async method 'publish' has no 'await' expression                                   @typescript-eslint/require-await
  60:17  error  Unsafe assignment of an `any` value                                                @typescript-eslint/no-unsafe-assignment
  82:33  error  Unsafe member access .topic on an `any` value                                      @typescript-eslint/no-unsafe-member-access
  83:33  error  Unsafe member access .message on an `any` value                                    @typescript-eslint/no-unsafe-member-access
  84:33  error  Unsafe member access .groupId on an `any` value                                    @typescript-eslint/no-unsafe-member-access
  85:33  error  Unsafe member access .deduplicationId on an `any` value                            @typescript-eslint/no-unsafe-member-access
