
> soopaucp@1.0.0 lint:node /Users/apple/soopa/soopaucp
> eslint .


/Users/apple/soopa/soopaucp/apps/platform-dashboard/@/components/ui/button.tsx
  52:18  warning  Unsafe assignment of an error typed value         @typescript-eslint/no-unsafe-assignment
  52:18  warning  Unsafe call of a type that could not be resolved  @typescript-eslint/no-unsafe-call

/Users/apple/soopa/soopaucp/apps/platform-dashboard/src/lib/api.ts
   1:14  warning  Unsafe assignment of an `any` value              @typescript-eslint/no-unsafe-assignment
   6:3   warning  Unsafe return of a value of type `Promise<any>`  @typescript-eslint/no-unsafe-return
  22:3   warning  Unsafe return of a value of type `Promise<any>`  @typescript-eslint/no-unsafe-return

/Users/apple/soopa/soopaucp/apps/platform-dashboard/src/main.tsx
  17:12  error  This assertion is unnecessary since it does not change the type of the expression  @typescript-eslint/no-unnecessary-type-assertion

/Users/apple/soopa/soopaucp/apps/platform-dashboard/src/routes/_authenticated/tenants.$id.keys.tsx
  11:9  warning  Unsafe assignment of an `any` value  @typescript-eslint/no-unsafe-assignment

/Users/apple/soopa/soopaucp/apps/platform-dashboard/src/routes/_authenticated/tenants.$id.webhooks.tsx
  11:9  warning  Unsafe assignment of an `any` value  @typescript-eslint/no-unsafe-assignment

/Users/apple/soopa/soopaucp/apps/platform-dashboard/src/routes/_authenticated/tenants.tsx
   22:5    warning  Unsafe assignment of an error typed value                                                                                                                           @typescript-eslint/no-unsafe-assignment
   26:5    warning  Unsafe assignment of an error typed value                                                                                                                           @typescript-eslint/no-unsafe-assignment
   28:7    warning  Promises must be awaited, end with a call to .catch, end with a call to .then with a rejection handler or be explicitly marked as ignored with the `void` operator  @typescript-eslint/no-floating-promises
   59:97   warning  Unsafe assignment of an `any` value                                                                                                                                 @typescript-eslint/no-unsafe-assignment
   59:105  warning  Unsafe member access .target on an `any` value                                                                                                                      @typescript-eslint/no-unsafe-member-access
   63:117  warning  Unsafe assignment of an `any` value                                                                                                                                 @typescript-eslint/no-unsafe-assignment
   63:131  warning  Unsafe member access .target on an `any` value                                                                                                                      @typescript-eslint/no-unsafe-member-access
  109:15   warning  Unsafe call of a type that could not be resolved                                                                                                                    @typescript-eslint/no-unsafe-call
  109:37   warning  Unexpected any. Specify a different type                                                                                                                            @typescript-eslint/no-explicit-any
  110:32   warning  Unsafe assignment of an `any` value                                                                                                                                 @typescript-eslint/no-unsafe-assignment
  110:39   warning  Unsafe member access .id on an `any` value                                                                                                                          @typescript-eslint/no-unsafe-member-access
  111:62   warning  Unsafe member access .name on an `any` value                                                                                                                        @typescript-eslint/no-unsafe-member-access
  112:82   warning  Unsafe member access .id on an `any` value                                                                                                                          @typescript-eslint/no-unsafe-member-access
  113:66   warning  Unsafe argument of type `any` assigned to a parameter of type `string | number | Date`                                                                              @typescript-eslint/no-unsafe-argument
  113:73   warning  Unsafe member access .createdAt on an `any` value                                                                                                                   @typescript-eslint/no-unsafe-member-access
  115:64   warning  Unsafe assignment of an `any` value                                                                                                                                 @typescript-eslint/no-unsafe-assignment
  115:75   warning  Unsafe member access .id on an `any` value                                                                                                                          @typescript-eslint/no-unsafe-member-access
  118:60   warning  Unsafe assignment of an `any` value                                                                                                                                 @typescript-eslint/no-unsafe-assignment
  118:71   warning  Unsafe member access .id on an `any` value                                                                                                                          @typescript-eslint/no-unsafe-member-access

/Users/apple/soopa/soopaucp/apps/platform-dashboard/vite.config.ts
   8:16  warning  Unsafe call of a type that could not be resolved                 @typescript-eslint/no-unsafe-call
  10:5   warning  Unsafe call of a type that could not be resolved                 @typescript-eslint/no-unsafe-call
  11:5   warning  Unsafe call of a type that could not be resolved                 @typescript-eslint/no-unsafe-call
  12:5   warning  Unsafe call of a type that could not be resolved                 @typescript-eslint/no-unsafe-call
  16:7   warning  Unsafe assignment of an error typed value                        @typescript-eslint/no-unsafe-assignment
  16:12  warning  Unsafe call of a type that could not be resolved                 @typescript-eslint/no-unsafe-call
  16:17  warning  Unsafe member access .resolve on a type that cannot be resolved  @typescript-eslint/no-unsafe-member-access

/Users/apple/soopa/soopaucp/packages/identity/node/src/IdentityModule.ts
  20:20  warning  Unexpected any. Specify a different type  @typescript-eslint/no-explicit-any
  20:30  warning  Unexpected any. Specify a different type  @typescript-eslint/no-explicit-any

/Users/apple/soopa/soopaucp/server/scheduler_engine/src/SchedulerModule.ts
  29:11  warning  Unsafe call of a type that could not be resolved              @typescript-eslint/no-unsafe-call
  29:21  warning  Unsafe member access .end on a type that cannot be resolved   @typescript-eslint/no-unsafe-member-access
  41:7   warning  Unsafe assignment of an error typed value                     @typescript-eslint/no-unsafe-assignment
  41:19  warning  Unsafe member access .Pool on a type that cannot be resolved  @typescript-eslint/no-unsafe-member-access

/Users/apple/soopa/soopaucp/server/scheduler_engine/src/application/SchedulerWorker.ts
  38:9   warning  Expected non-Promise value in a boolean conditional                         @typescript-eslint/no-misused-promises
  92:15  warning  Unsafe assignment of an error typed value                                   @typescript-eslint/no-unsafe-assignment
  92:26  warning  Unsafe call of a type that could not be resolved                            @typescript-eslint/no-unsafe-call
  92:37  warning  Unsafe member access .parseExpression on a type that cannot be resolved     @typescript-eslint/no-unsafe-member-access
  93:15  warning  Unsafe assignment of an error typed value                                   @typescript-eslint/no-unsafe-assignment
  93:27  warning  Unsafe call of a type that could not be resolved                            @typescript-eslint/no-unsafe-call
  93:27  warning  Unsafe call of a type that could not be resolved                            @typescript-eslint/no-unsafe-call
  93:36  warning  Unsafe member access .next on a type that cannot be resolved                @typescript-eslint/no-unsafe-member-access
  93:43  warning  Unsafe member access .toDate on a type that cannot be resolved              @typescript-eslint/no-unsafe-member-access
  94:65  warning  Unsafe argument of type error typed assigned to a parameter of type `Date`  @typescript-eslint/no-unsafe-argument
  95:81  warning  Unsafe call of a type that could not be resolved                            @typescript-eslint/no-unsafe-call
  95:91  warning  Unsafe member access .toISOString on a type that cannot be resolved         @typescript-eslint/no-unsafe-member-access

/Users/apple/soopa/soopaucp/server/scheduler_engine/tests/SchedulerWorker.spec.ts
  23:5  warning  Promises must be awaited, end with a call to .catch, end with a call to .then with a rejection handler or be explicitly marked as ignored with the `void` operator  @typescript-eslint/no-floating-promises

/Users/apple/soopa/soopaucp/server/ucp-api/src/adapters/inbound/http/api-key.guard.ts
  19:11  error    Unsafe assignment of an `any` value                                     @typescript-eslint/no-unsafe-assignment
  20:11  error    Unsafe assignment of an `any` value                                     @typescript-eslint/no-unsafe-assignment
  20:32  error    Unsafe member access .headers on an `any` value                         @typescript-eslint/no-unsafe-member-access
  22:25  error    Unsafe call of an `any` typed value                                     @typescript-eslint/no-unsafe-call
  22:36  error    Unsafe member access .startsWith on an `any` value                      @typescript-eslint/no-unsafe-member-access
  28:11  error    Unsafe assignment of an `any` value                                     @typescript-eslint/no-unsafe-assignment
  28:23  error    Unsafe call of an `any` typed value                                     @typescript-eslint/no-unsafe-call
  28:34  error    Unsafe member access .substring on an `any` value                       @typescript-eslint/no-unsafe-member-access
  29:39  warning  Unsafe argument of type `any` assigned to a parameter of type `string`  @typescript-eslint/no-unsafe-argument
  37:13  error    Unsafe member access .apiKey on an `any` value                          @typescript-eslint/no-unsafe-member-access

/Users/apple/soopa/soopaucp/server/ucp-api/src/adapters/inbound/http/tenants.controller.ts
  1:34  error  'Get' is defined but never used    @typescript-eslint/no-unused-vars
  1:39  error  'Param' is defined but never used  @typescript-eslint/no-unused-vars

/Users/apple/soopa/soopaucp/server/ucp-api/src/adapters/outbound/database/api-key.drizzle.repository.ts
  23:11  error    Unsafe assignment of an `any` value                                                                                                                                                                                                                                                                                                         @typescript-eslint/no-unsafe-assignment
  23:25  error    Unsafe call of an `any` typed value                                                                                                                                                                                                                                                                                                         @typescript-eslint/no-unsafe-call
  23:25  error    Unsafe call of an `any` typed value                                                                                                                                                                                                                                                                                                         @typescript-eslint/no-unsafe-call
  23:25  error    Unsafe call of an `any` typed value                                                                                                                                                                                                                                                                                                         @typescript-eslint/no-unsafe-call
  24:8   error    Unsafe member access .select on an `any` value                                                                                                                                                                                                                                                                                              @typescript-eslint/no-unsafe-member-access
  25:8   error    Unsafe member access .from on an `any` value                                                                                                                                                                                                                                                                                                @typescript-eslint/no-unsafe-member-access
  26:8   error    Unsafe member access .where on an `any` value                                                                                                                                                                                                                                                                                               @typescript-eslint/no-unsafe-member-access
  27:35  warning  Unsafe argument of type `any` assigned to a parameter of type `{ tenantId: string; name: string; scopes: string[]; id: string; keyHash: string; createdAt: Date; }`                                                                                                                                                                         @typescript-eslint/no-unsafe-argument
  31:11  error    Unsafe assignment of an `any` value                                                                                                                                                                                                                                                                                                         @typescript-eslint/no-unsafe-assignment
  31:24  error    Unsafe call of an `any` typed value                                                                                                                                                                                                                                                                                                         @typescript-eslint/no-unsafe-call
  31:24  error    Unsafe call of an `any` typed value                                                                                                                                                                                                                                                                                                         @typescript-eslint/no-unsafe-call
  31:24  error    Unsafe call of an `any` typed value                                                                                                                                                                                                                                                                                                         @typescript-eslint/no-unsafe-call
  32:8   error    Unsafe member access .select on an `any` value                                                                                                                                                                                                                                                                                              @typescript-eslint/no-unsafe-member-access
  33:8   error    Unsafe member access .from on an `any` value                                                                                                                                                                                                                                                                                                @typescript-eslint/no-unsafe-member-access
  34:8   error    Unsafe member access .where on an `any` value                                                                                                                                                                                                                                                                                               @typescript-eslint/no-unsafe-member-access
  35:5   error    Unsafe return of a value of type `any`                                                                                                                                                                                                                                                                                                      @typescript-eslint/no-unsafe-return
  35:12  error    Unsafe call of an `any` typed value                                                                                                                                                                                                                                                                                                         @typescript-eslint/no-unsafe-call
  35:17  error    Unsafe member access .map on an `any` value                                                                                                                                                                                                                                                                                                 @typescript-eslint/no-unsafe-member-access
  35:21  error    A method that is not declared with `this: void` may cause unintentional scoping of `this` when separated from its object.
Consider using an arrow function or explicitly `.bind()`ing the method to avoid calling the method with an unintended `this` value. 
If a function does not access `this`, it can be annotated with `this: void`  @typescript-eslint/unbound-method
  39:11  error    Unsafe assignment of an `any` value                                                                                                                                                                                                                                                                                                         @typescript-eslint/no-unsafe-assignment
  39:25  error    Unsafe call of an `any` typed value                                                                                                                                                                                                                                                                                                         @typescript-eslint/no-unsafe-call
  39:25  error    Unsafe call of an `any` typed value                                                                                                                                                                                                                                                                                                         @typescript-eslint/no-unsafe-call
  39:25  error    Unsafe call of an `any` typed value                                                                                                                                                                                                                                                                                                         @typescript-eslint/no-unsafe-call
  40:8   error    Unsafe member access .insert on an `any` value                                                                                                                                                                                                                                                                                              @typescript-eslint/no-unsafe-member-access
  41:8   error    Unsafe member access .values on an `any` value                                                                                                                                                                                                                                                                                              @typescript-eslint/no-unsafe-member-access
  49:8   error    Unsafe member access .returning on an `any` value                                                                                                                                                                                                                                                                                           @typescript-eslint/no-unsafe-member-access
  50:29  warning  Unsafe argument of type `any` assigned to a parameter of type `{ tenantId: string; name: string; scopes: string[]; id: string; keyHash: string; createdAt: Date; }`                                                                                                                                                                         @typescript-eslint/no-unsafe-argument
  54:11  error    Unsafe call of an `any` typed value                                                                                                                                                                                                                                                                                                         @typescript-eslint/no-unsafe-call
  54:11  error    Unsafe call of an `any` typed value                                                                                                                                                                                                                                                                                                         @typescript-eslint/no-unsafe-call
  54:19  error    Unsafe member access .delete on an `any` value                                                                                                                                                                                                                                                                                              @typescript-eslint/no-unsafe-member-access
  54:35  error    Unsafe member access .where on an `any` value                                                                                                                                                                                                                                                                                               @typescript-eslint/no-unsafe-member-access

/Users/apple/soopa/soopaucp/server/ucp-api/src/adapters/outbound/database/outbox.drizzle.repository.ts
  14:11  error  Unsafe assignment of an `any` value                     @typescript-eslint/no-unsafe-assignment
  14:24  error  Unsafe call of an `any` typed value                     @typescript-eslint/no-unsafe-call
  14:24  error  Unsafe call of an `any` typed value                     @typescript-eslint/no-unsafe-call
  14:24  error  Unsafe call of an `any` typed value                     @typescript-eslint/no-unsafe-call
  14:24  error  Unsafe call of an `any` typed value                     @typescript-eslint/no-unsafe-call
  15:8   error  Unsafe member access .select on an `any` value          @typescript-eslint/no-unsafe-member-access
  16:8   error  Unsafe member access .from on an `any` value            @typescript-eslint/no-unsafe-member-access
  17:8   error  Unsafe member access .where on an `any` value           @typescript-eslint/no-unsafe-member-access
  18:8   error  Unsafe member access .limit on an `any` value           @typescript-eslint/no-unsafe-member-access
  20:5   error  Unsafe return of a value of type `any`                  @typescript-eslint/no-unsafe-return
  20:12  error  Unsafe call of an `any` typed value                     @typescript-eslint/no-unsafe-call
  20:17  error  Unsafe member access .map on an `any` value             @typescript-eslint/no-unsafe-member-access
  21:7   error  Unsafe assignment of an `any` value                     @typescript-eslint/no-unsafe-assignment
  21:15  error  Unsafe member access .id on an `any` value              @typescript-eslint/no-unsafe-member-access
  22:7   error  Unsafe assignment of an `any` value                     @typescript-eslint/no-unsafe-assignment
  22:27  error  Unsafe member access .idempotencyKey on an `any` value  @typescript-eslint/no-unsafe-member-access
  23:7   error  Unsafe assignment of an `any` value                     @typescript-eslint/no-unsafe-assignment
  23:21  error  Unsafe member access .tenantId on an `any` value        @typescript-eslint/no-unsafe-member-access
  24:7   error  Unsafe assignment of an `any` value                     @typescript-eslint/no-unsafe-assignment
  24:22  error  Unsafe member access .eventType on an `any` value       @typescript-eslint/no-unsafe-member-access
  25:7   error  Unsafe assignment of an `any` value                     @typescript-eslint/no-unsafe-assignment
  25:20  error  Unsafe member access .payload on an `any` value         @typescript-eslint/no-unsafe-member-access
  26:7   error  Unsafe assignment of an `any` value                     @typescript-eslint/no-unsafe-assignment
  26:19  error  Unsafe member access .status on an `any` value          @typescript-eslint/no-unsafe-member-access
  27:7   error  Unsafe assignment of an `any` value                     @typescript-eslint/no-unsafe-assignment
  27:22  error  Unsafe member access .createdAt on an `any` value       @typescript-eslint/no-unsafe-member-access
  28:7   error  Unsafe assignment of an `any` value                     @typescript-eslint/no-unsafe-assignment
  28:22  error  Unsafe member access .updatedAt on an `any` value       @typescript-eslint/no-unsafe-member-access
  33:11  error  Unsafe call of an `any` typed value                     @typescript-eslint/no-unsafe-call
  33:11  error  Unsafe call of an `any` typed value                     @typescript-eslint/no-unsafe-call
  33:11  error  Unsafe call of an `any` typed value                     @typescript-eslint/no-unsafe-call
  34:8   error  Unsafe member access .update on an `any` value          @typescript-eslint/no-unsafe-member-access
  35:8   error  Unsafe member access .set on an `any` value             @typescript-eslint/no-unsafe-member-access
  36:8   error  Unsafe member access .where on an `any` value           @typescript-eslint/no-unsafe-member-access
  39:34  error  'error' is defined but never used                       @typescript-eslint/no-unused-vars
  40:11  error  Unsafe call of an `any` typed value                     @typescript-eslint/no-unsafe-call
  40:11  error  Unsafe call of an `any` typed value                     @typescript-eslint/no-unsafe-call
  40:11  error  Unsafe call of an `any` typed value                     @typescript-eslint/no-unsafe-call
  41:8   error  Unsafe member access .update on an `any` value          @typescript-eslint/no-unsafe-member-access
  42:8   error  Unsafe member access .set on an `any` value             @typescript-eslint/no-unsafe-member-access
  43:8   error  Unsafe member access .where on an `any` value           @typescript-eslint/no-unsafe-member-access

/Users/apple/soopa/soopaucp/server/ucp-api/src/adapters/outbound/database/tenant.drizzle.repository.ts
  34:11  error    Unsafe assignment of an `any` value                                                                                                                                                                                                                                                                                                         @typescript-eslint/no-unsafe-assignment
  34:25  error    Unsafe call of an `any` typed value                                                                                                                                                                                                                                                                                                         @typescript-eslint/no-unsafe-call
  34:25  error    Unsafe call of an `any` typed value                                                                                                                                                                                                                                                                                                         @typescript-eslint/no-unsafe-call
  34:25  error    Unsafe call of an `any` typed value                                                                                                                                                                                                                                                                                                         @typescript-eslint/no-unsafe-call
  35:8   error    Unsafe member access .select on an `any` value                                                                                                                                                                                                                                                                                              @typescript-eslint/no-unsafe-member-access
  36:8   error    Unsafe member access .from on an `any` value                                                                                                                                                                                                                                                                                                @typescript-eslint/no-unsafe-member-access
  37:8   error    Unsafe member access .where on an `any` value                                                                                                                                                                                                                                                                                               @typescript-eslint/no-unsafe-member-access
  38:35  warning  Unsafe argument of type `any` assigned to a parameter of type `{ name: string; id: string; createdAt: Date; updatedAt: Date; zitadelOrgId: string | null; }`                                                                                                                                                                                @typescript-eslint/no-unsafe-argument
  42:11  error    Unsafe assignment of an `any` value                                                                                                                                                                                                                                                                                                         @typescript-eslint/no-unsafe-assignment
  42:24  error    Unsafe call of an `any` typed value                                                                                                                                                                                                                                                                                                         @typescript-eslint/no-unsafe-call
  42:24  error    Unsafe call of an `any` typed value                                                                                                                                                                                                                                                                                                         @typescript-eslint/no-unsafe-call
  42:32  error    Unsafe member access .select on an `any` value                                                                                                                                                                                                                                                                                              @typescript-eslint/no-unsafe-member-access
  42:41  error    Unsafe member access .from on an `any` value                                                                                                                                                                                                                                                                                                @typescript-eslint/no-unsafe-member-access
  43:5   error    Unsafe return of a value of type `any`                                                                                                                                                                                                                                                                                                      @typescript-eslint/no-unsafe-return
  43:12  error    Unsafe call of an `any` typed value                                                                                                                                                                                                                                                                                                         @typescript-eslint/no-unsafe-call
  43:17  error    Unsafe member access .map on an `any` value                                                                                                                                                                                                                                                                                                 @typescript-eslint/no-unsafe-member-access
  43:21  error    A method that is not declared with `this: void` may cause unintentional scoping of `this` when separated from its object.
Consider using an arrow function or explicitly `.bind()`ing the method to avoid calling the method with an unintended `this` value. 
If a function does not access `this`, it can be annotated with `this: void`  @typescript-eslint/unbound-method
  47:5   error    Unsafe return of a value of type `any`                                                                                                                                                                                                                                                                                                      @typescript-eslint/no-unsafe-return
  47:18  error    Unsafe call of an `any` typed value                                                                                                                                                                                                                                                                                                         @typescript-eslint/no-unsafe-call
  47:26  error    Unsafe member access .transaction on an `any` value                                                                                                                                                                                                                                                                                         @typescript-eslint/no-unsafe-member-access
  49:13  error    Unsafe assignment of an `any` value                                                                                                                                                                                                                                                                                                         @typescript-eslint/no-unsafe-assignment
  49:27  error    Unsafe call of an `any` typed value                                                                                                                                                                                                                                                                                                         @typescript-eslint/no-unsafe-call
  49:27  error    Unsafe call of an `any` typed value                                                                                                                                                                                                                                                                                                         @typescript-eslint/no-unsafe-call
  49:27  error    Unsafe call of an `any` typed value                                                                                                                                                                                                                                                                                                         @typescript-eslint/no-unsafe-call
  49:27  error    Unsafe call of an `any` typed value                                                                                                                                                                                                                                                                                                         @typescript-eslint/no-unsafe-call
  50:10  error    Unsafe member access .insert on an `any` value                                                                                                                                                                                                                                                                                              @typescript-eslint/no-unsafe-member-access
  51:10  error    Unsafe member access .values on an `any` value                                                                                                                                                                                                                                                                                              @typescript-eslint/no-unsafe-member-access
  58:10  error    Unsafe member access .onConflictDoUpdate on an `any` value                                                                                                                                                                                                                                                                                  @typescript-eslint/no-unsafe-member-access
  66:10  error    Unsafe member access .returning on an `any` value                                                                                                                                                                                                                                                                                           @typescript-eslint/no-unsafe-member-access
  70:15  error    Unsafe assignment of an `any` value                                                                                                                                                                                                                                                                                                         @typescript-eslint/no-unsafe-assignment
  70:30  error    Unsafe call of an `any` typed value                                                                                                                                                                                                                                                                                                         @typescript-eslint/no-unsafe-call
  70:30  error    Unsafe call of an `any` typed value                                                                                                                                                                                                                                                                                                         @typescript-eslint/no-unsafe-call
  70:30  error    Unsafe call of an `any` typed value                                                                                                                                                                                                                                                                                                         @typescript-eslint/no-unsafe-call
  71:12  error    Unsafe member access .select on an `any` value                                                                                                                                                                                                                                                                                              @typescript-eslint/no-unsafe-member-access
  72:12  error    Unsafe member access .from on an `any` value                                                                                                                                                                                                                                                                                                @typescript-eslint/no-unsafe-member-access
  73:12  error    Unsafe member access .where on an `any` value                                                                                                                                                                                                                                                                                               @typescript-eslint/no-unsafe-member-access
  74:20  error    Unsafe member access .length on an `any` value                                                                                                                                                                                                                                                                                              @typescript-eslint/no-unsafe-member-access
  75:17  error    Unsafe assignment of an `any` value                                                                                                                                                                                                                                                                                                         @typescript-eslint/no-unsafe-assignment
  75:24  error    Unsafe call of an `any` typed value                                                                                                                                                                                                                                                                                                         @typescript-eslint/no-unsafe-call
  75:31  error    Unsafe member access .map on an `any` value                                                                                                                                                                                                                                                                                                 @typescript-eslint/no-unsafe-member-access
  77:13  error    Unsafe assignment of an `any` value                                                                                                                                                                                                                                                                                                         @typescript-eslint/no-unsafe-assignment
  77:24  error    Unsafe member access .id on an `any` value                                                                                                                                                                                                                                                                                                  @typescript-eslint/no-unsafe-member-access
  80:17  error    Unsafe call of an `any` typed value                                                                                                                                                                                                                                                                                                         @typescript-eslint/no-unsafe-call
  80:17  error    Unsafe call of an `any` typed value                                                                                                                                                                                                                                                                                                         @typescript-eslint/no-unsafe-call
  80:17  error    Unsafe call of an `any` typed value                                                                                                                                                                                                                                                                                                         @typescript-eslint/no-unsafe-call
  81:14  error    Unsafe member access .insert on an `any` value                                                                                                                                                                                                                                                                                              @typescript-eslint/no-unsafe-member-access
  82:14  error    Unsafe member access .values on an `any` value                                                                                                                                                                                                                                                                                              @typescript-eslint/no-unsafe-member-access
  83:14  error    Unsafe member access .onConflictDoNothing on an `any` value                                                                                                                                                                                                                                                                                 @typescript-eslint/no-unsafe-member-access
  89:15  error    Unsafe call of an `any` typed value                                                                                                                                                                                                                                                                                                         @typescript-eslint/no-unsafe-call
  89:15  error    Unsafe call of an `any` typed value                                                                                                                                                                                                                                                                                                         @typescript-eslint/no-unsafe-call
  89:18  error    Unsafe member access .insert on an `any` value                                                                                                                                                                                                                                                                                              @typescript-eslint/no-unsafe-member-access
  89:45  error    Unsafe member access .values on an `any` value                                                                                                                                                                                                                                                                                              @typescript-eslint/no-unsafe-member-access
  99:31  warning  Unsafe argument of type `any` assigned to a parameter of type `{ name: string; id: string; createdAt: Date; updatedAt: Date; zitadelOrgId: string | null; }`                                                                                                                                                                                @typescript-eslint/no-unsafe-argument

/Users/apple/soopa/soopaucp/server/ucp-api/src/main.ts
  9:1  warning  Promises must be awaited, end with a call to .catch, end with a call to .then with a rejection handler or be explicitly marked as ignored with the `void` operator  @typescript-eslint/no-floating-promises

✖ 191 problems (133 errors, 58 warnings)
  1 error and 0 warnings potentially fixable with the `--fix` option.

 ELIFECYCLE  Command failed with exit code 1.
